Microchip MPLAB XC8 Compiler V2.10 ()

Linker command line:

-W-3 --edf=C:\Program Files (x86)\Microchip\xc8\v2.10\pic\dat\en_msgs.txt \
  -cs -h+dist/default/production\I2C_Estandar_para_DS.X.production.sym \
  --cmf=dist/default/production\I2C_Estandar_para_DS.X.production.cmf -z \
  -Q18F4550 -oC:\Users\mario\AppData\Local\Temp\svc.2 \
  --defsym=__MPLAB_BUILD=1 \
  -Mdist/default/production/I2C_Estandar_para_DS.X.production.map -E1 \
  -ver=XC8 --acfsm=1493 -ASTACK=060h-07FFh -pstack=STACK -ACODE=00h-07FFFh \
  -ACONST=00h-07FFFh -ASMALLCONST=0800h-08FFhx120 \
  -AMEDIUMCONST=0800h-07FFFh -ACOMRAM=01h-05Fh -AABS1=00h-07FFh \
  -ABIGRAM=01h-07FFh -ARAM=060h-0FFh,0100h-01FFhx7 -ABANK0=060h-0FFh \
  -ABANK1=0100h-01FFh -ABANK2=0200h-02FFh -ABANK3=0300h-03FFh \
  -ABANK4=0400h-04FFh -ABANK5=0500h-05FFh -ABANK6=0600h-06FFh \
  -ABANK7=0700h-07FFh -ASFR=0F60h-0FFFh \
  -preset_vec=00h,intcode,intcodelo,powerup,init -pramtop=0800h \
  -psmallconst=SMALLCONST -pmediumconst=MEDIUMCONST -pconst=CONST \
  -AFARRAM=00h-00h -ACONFIG=0300000h-030000Dh -pconfig=CONFIG \
  -AIDLOC=0200000h-0200007h -pidloc=IDLOC -AEEDATA=0F00000h-0F000FFh \
  -peeprom_data=EEDATA \
  -prdata=COMRAM,nvrram=COMRAM,nvbit=COMRAM,rbss=COMRAM,rbit=COMRAM \
  -pfarbss=FARRAM,fardata=FARRAM,nvFARRAM=FARRAM \
  -pintsave_regs=BIGRAM,bigbss=BIGRAM,bigdata=BIGRAM -pbss=RAM \
  -pidata=CODE,irdata=CODE,ibigdata=CODE,ifardata=CODE -prparam=COMRAM \
  C:\Users\mario\AppData\Local\Temp\svc.o \
  dist/default/production\I2C_Estandar_para_DS.X.production.o 

Object code version is 3.11

Machine type is 18F4550

Call graph: (short form)




                Name                               Link     Load   Length Selector   Space Scale
C:\Users\mario\AppData\Local\Temp\svc.o
                init                                  0        0        4        0       0
                idloc                            200000   200000        8   200000       0
                config                           300000   300000        E   300000       0
dist/default/production\I2C_Estandar_para_DS.X.production.o
                text6                              7E64     7E64       1A     3F32       0
                text5                              7E2E     7E2E       12     3F17       0
                text4                              7E40     7E40       12     3F20       0
                text3                              7E7E     7E7E       4C     3F3F       0
                text2                              7E52     7E52       12     3F29       0
                text1                              7ECA     7ECA       78     3F65       0
                text0                              7F42     7F42       BE     3FA1       0
                cstackCOMRAM                          1        1        6        1       1
                bssCOMRAM                             7        7        1        1       1
                cinit                              7E26     7E26        8     3F13       0

TOTAL           Name                               Link     Load   Length     Space
        CLASS   STACK          

        CLASS   CODE           
                init                                  0        0        4         0
                text6                              7E64     7E64       1A         0
                text5                              7E2E     7E2E       12         0
                text4                              7E40     7E40       12         0
                text3                              7E7E     7E7E       4C         0
                text2                              7E52     7E52       12         0
                text1                              7ECA     7ECA       78         0
                text0                              7F42     7F42       BE         0
                cinit                              7E26     7E26        8         0

        CLASS   CONST          

        CLASS   SMALLCONST     

        CLASS   MEDIUMCONST    

        CLASS   COMRAM         
                cstackCOMRAM                          1        1        6         1
                bssCOMRAM                             7        7        1         1

        CLASS   ABS1           

        CLASS   BIGRAM         

        CLASS   RAM            

        CLASS   BANK0          

        CLASS   BANK1          

        CLASS   BANK2          

        CLASS   BANK3          

        CLASS   BANK4          

        CLASS   BANK5          

        CLASS   BANK6          

        CLASS   BANK7          

        CLASS   SFR            

        CLASS   FARRAM         

        CLASS   CONFIG         
                config                           300000   300000        E         0

        CLASS   IDLOC          
                idloc                            200000   200000        8         0

        CLASS   EEDATA         



SEGMENTS        Name                           Load    Length   Top    Selector   Space  Class

                reset_vec                      000000  000004  000004         0       0  CODE    
                cstackCOMRAM                   000001  000007  000008         1       1  COMRAM  
                cinit                          007E26  000008  007E2E      3F13       0  CODE    
                text5                          007E2E  000012  007E40      3F17       0  CODE    
                text4                          007E40  000012  007E52      3F20       0  CODE    
                text2                          007E52  000012  007E64      3F29       0  CODE    
                text6                          007E64  00001A  007E7E      3F32       0  CODE    
                text3                          007E7E  00004C  007ECA      3F3F       0  CODE    
                text1                          007ECA  000078  007F42      3F65       0  CODE    
                text0                          007F42  0000BE  008000      3FA1       0  CODE    
                idloc                          200000  000008  200008    200000       0  IDLOC   
                config                         300000  00000E  30000E    300000       0  CONFIG  


UNUSED ADDRESS RANGES

        Name                Unused          Largest block    Delta
        BANK0            000060-0000FF               A0
        BANK1            000100-0001FF              100
        BANK2            000200-0002FF              100
        BANK3            000300-0003FF              100
        BANK4            000400-0004FF              100
        BANK5            000500-0005FF              100
        BANK6            000600-0006FF              100
        BANK7            000700-0007FF              100
        BIGRAM           000008-0007FF              7F8
        CODE             000004-007E25             7E22
        COMRAM           000008-00005F               58
        CONST            000004-007E25             7E22
        EEDATA           F00000-F000FF              100
        MEDIUMCONST      000800-007E25             7626
        RAM              000060-0007FF              100
        SFR              000F60-000FFF               A0
        SMALLCONST       000800-007E25              100
        STACK            000060-0007FF              7A0

                                  Symbol Table

EnvioDato@Dato           cstackCOMRAM 000002
EnvioDato@Direccion      cstackCOMRAM 000003
EnvioDato@Registro       cstackCOMRAM 000001
LecturaDato@Direccion    cstackCOMRAM 000002
LecturaDato@Registro     cstackCOMRAM 000001
_ACKDT                   (abs)        007E2D
_ACKEN                   (abs)        007E2C
_Activar_I2C             text6        007E64
_Contador                bssCOMRAM    000007
_EnvioDato               text3        007E7E
_LATC                    (abs)        000F8B
_LATC0                   (abs)        007C58
_LATC1                   (abs)        007C59
_LATC2                   (abs)        007C5A
_LATE1                   (abs)        007C69
_LATE2                   (abs)        007C6A
_LecturaDato             text1        007ECA
_OSCCON                  (abs)        000FD3
_PEN                     (abs)        007E2A
_PIR1                    (abs)        000F9E
_RCEN                    (abs)        007E2B
_RSEN                    (abs)        007E29
_Rstart                  text2        007E52
_SEN                     (abs)        007E28
_SSPADD                  (abs)        000FC8
_SSPBUF                  (abs)        000FC9
_SSPCON1                 (abs)        000FC6
_SSPCON2                 (abs)        000FC5
_SSPIF                   (abs)        007CF3
_SSPSTAT                 (abs)        000FC7
_Start                   text5        007E2E
_Stop                    text4        007E40
_TRISB0                  (abs)        007C98
_TRISB1                  (abs)        007C99
_TRISC                   (abs)        000F94
__CFG_CPUDIV$OSC1_PLL2   (abs)        000000
__CFG_FOSC$HSPLL_HS      (abs)        000000
__CFG_LVP$OFF            (abs)        000000
__CFG_PBADEN$OFF         (abs)        000000
__CFG_PLLDIV$5           (abs)        000000
__CFG_USBDIV$2           (abs)        000000
__CFG_VREGEN$ON          (abs)        000000
__CFG_WDT$OFF            (abs)        000000
__CFG_XINST$OFF          (abs)        000000
__HRAM                   (abs)        000000
__Habs1                  abs1         000000
__Hbank0                 bank0        000000
__Hbank1                 bank1        000000
__Hbank2                 bank2        000000
__Hbank3                 bank3        000000
__Hbank4                 bank4        000000
__Hbank5                 bank5        000000
__Hbank6                 bank6        000000
__Hbank7                 bank7        000000
__Hbigbss                bigbss       000000
__Hbigdata               bigdata      000000
__Hbigram                bigram       000000
__Hbss                   bss          000000
__HbssCOMRAM             bssCOMRAM    000000
__Hcinit                 cinit        000000
__Hclrtext               clrtext      000000
__Hcomram                comram       000000
__Hconfig                config       30000E
__Hconst                 const        000000
__HcstackCOMRAM          cstackCOMRAM 000000
__Hdata                  data         000000
__Heeprom_data           eeprom_data  000000
__Hfarbss                farbss       000000
__Hfardata               fardata      000000
__Hibigdata              ibigdata     000000
__Hidata                 idata        000000
__Hidloc                 idloc        200008
__Hifardata              ifardata     000000
__Hinit                  init         000004
__Hintcode               intcode      000000
__Hintcode_body          intcode_body 000000
__Hintcodelo             intcodelo    000000
__Hintentry              intentry     000000
__Hintret                intret       000000
__Hintsave_regs          intsave_regs 000000
__Hirdata                irdata       000000
__Hmediumconst           mediumconst  000000
__HnvFARRAM              nvFARRAM     000000
__Hnvbit                 nvbit        000000
__Hnvrram                nvrram       000000
__Hparam                 rparam       000000
__Hpowerup               powerup      000000
__Hram                   ram          000000
__Hramtop                ramtop       000800
__Hrbit                  rbit         000000
__Hrbss                  rbss         000000
__Hrdata                 rdata        000000
__Hreset_vec             reset_vec    000000
__Hrparam                rparam       000000
__Hsfr                   sfr          000000
__Hsmallconst            smallconst   000000
__Hspace_0               (abs)        30000E
__Hspace_1               (abs)        000008
__Hspace_2               (abs)        000000
__Hstack                 stack        000000
__Hstruct                struct       000000
__Htemp                  temp         000000
__Htext                  text         000000
__Htext0                 text0        000000
__Htext1                 text1        000000
__Htext2                 text2        000000
__Htext3                 text3        000000
__Htext4                 text4        000000
__Htext5                 text5        000000
__Htext6                 text6        000000
__LRAM                   (abs)        000001
__Labs1                  abs1         000000
__Lbank0                 bank0        000000
__Lbank1                 bank1        000000
__Lbank2                 bank2        000000
__Lbank3                 bank3        000000
__Lbank4                 bank4        000000
__Lbank5                 bank5        000000
__Lbank6                 bank6        000000
__Lbank7                 bank7        000000
__Lbigbss                bigbss       000000
__Lbigdata               bigdata      000000
__Lbigram                bigram       000000
__Lbss                   bss          000000
__LbssCOMRAM             bssCOMRAM    000000
__Lcinit                 cinit        000000
__Lclrtext               clrtext      000000
__Lcomram                comram       000000
__Lconfig                config       300000
__Lconst                 const        000000
__LcstackCOMRAM          cstackCOMRAM 000000
__Ldata                  data         000000
__Leeprom_data           eeprom_data  000000
__Lfarbss                farbss       000000
__Lfardata               fardata      000000
__Libigdata              ibigdata     000000
__Lidata                 idata        000000
__Lidloc                 idloc        200000
__Lifardata              ifardata     000000
__Linit                  init         000000
__Lintcode               intcode      000000
__Lintcode_body          intcode_body 000000
__Lintcodelo             intcodelo    000000
__Lintentry              intentry     000000
__Lintret                intret       000000
__Lintsave_regs          intsave_regs 000000
__Lirdata                irdata       000000
__Lmediumconst           mediumconst  000000
__LnvFARRAM              nvFARRAM     000000
__Lnvbit                 nvbit        000000
__Lnvrram                nvrram       000000
__Lparam                 rparam       000000
__Lpowerup               powerup      000000
__Lram                   ram          000000
__Lramtop                ramtop       000800
__Lrbit                  rbit         000000
__Lrbss                  rbss         000000
__Lrdata                 rdata        000000
__Lreset_vec             reset_vec    000000
__Lrparam                rparam       000000
__Lsfr                   sfr          000000
__Lsmallconst            smallconst   000000
__Lspace_0               (abs)        000000
__Lspace_1               (abs)        000000
__Lspace_2               (abs)        000000
__Lstack                 stack        000000
__Lstruct                struct       000000
__Ltemp                  temp         000000
__Ltext                  text         000000
__Ltext0                 text0        000000
__Ltext1                 text1        000000
__Ltext2                 text2        000000
__Ltext3                 text3        000000
__Ltext4                 text4        000000
__Ltext5                 text5        000000
__Ltext6                 text6        000000
__S0                     (abs)        30000E
__S1                     (abs)        000008
__S2                     (abs)        000000
___inthi_sp              stack        000000
___intlo_sp              stack        000000
___param_bank            (abs)        000000
___rparam_used           (abs)        000001
___sp                    stack        000000
__accesstop              (abs)        000060
__activetblptr           (abs)        000000
__end_of_Activar_I2C     text6        007E7E
__end_of_EnvioDato       text3        007ECA
__end_of_LecturaDato     text1        007F42
__end_of_Rstart          text2        007E64
__end_of_Start           text5        007E40
__end_of_Stop            text4        007E52
__end_of__initialization cinit        007E28
__end_of_main            text0        008000
__initialization         cinit        007E26
__mediumconst            mediumconst  000000
__pbssCOMRAM             bssCOMRAM    000007
__pcinit                 cinit        007E26
__pcstackCOMRAM          cstackCOMRAM 000001
__ptext0                 text0        007F42
__ptext1                 text1        007ECA
__ptext2                 text2        007E52
__ptext3                 text3        007E7E
__ptext4                 text4        007E40
__ptext5                 text5        007E2E
__ptext6                 text6        007E64
__ramtop                 ramtop       000800
__size_of_Activar_I2C    (abs)        000000
__size_of_EnvioDato      (abs)        000000
__size_of_LecturaDato    (abs)        000000
__size_of_Rstart         (abs)        000000
__size_of_Start          (abs)        000000
__size_of_Stop           (abs)        000000
__size_of_main           (abs)        000000
__smallconst             smallconst   000000
_main                    text0        007F42
end_of_initialization    cinit        007E28
intlevel0                text         000000
intlevel1                text         000000
intlevel2                text         000000
intlevel3                text         000000
main@aux                 cstackCOMRAM 000006
stackhi                  (abs)        0007FF
stacklo                  (abs)        000060
start                    init         000000
start_initialization     cinit        007E26


FUNCTION INFORMATION:

 *************** function _main *****************
 Defined at:
		line 44 in file "Main18f_to_DS.c"
 Parameters:    Size  Location     Type
		None
 Auto vars:     Size  Location     Type
  aux             1    5[COMRAM] unsigned char 
 Return value:  Size  Location     Type
                  1    wreg      void 
 Registers used:
		wreg, status,2, status,0, cstack
 Tracked objects:
		On entry : 
		On exit  : 
		Unchanged: 
 Data sizes:     COMRAM   BANK0   BANK1   BANK2   BANK3   BANK4   BANK5   BANK6   BANK7
      Params:         0       0       0       0       0       0       0       0       0
      Locals:         1       0       0       0       0       0       0       0       0
      Temps:          2       0       0       0       0       0       0       0       0
      Totals:         3       0       0       0       0       0       0       0       0
Total ram usage:        3 bytes
 Hardware stack levels required when called:    2
 This function calls:
		_Activar_I2C
		_EnvioDato
		_LecturaDato
 This function is called by:
		Startup code after reset
 This function uses a non-reentrant model


 *************** function _LecturaDato *****************
 Defined at:
		line 77 in file "./I2C.h"
 Parameters:    Size  Location     Type
  Direccion       1    wreg     unsigned char 
  Registro        1    0[COMRAM] unsigned char 
 Auto vars:     Size  Location     Type
  Direccion       1    1[COMRAM] unsigned char 
 Return value:  Size  Location     Type
                  1    wreg      unsigned char 
 Registers used:
		wreg, status,2, status,0, cstack
 Tracked objects:
		On entry : 
		On exit  : 
		Unchanged: 
 Data sizes:     COMRAM   BANK0   BANK1   BANK2   BANK3   BANK4   BANK5   BANK6   BANK7
      Params:         1       0       0       0       0       0       0       0       0
      Locals:         1       0       0       0       0       0       0       0       0
      Temps:          0       0       0       0       0       0       0       0       0
      Totals:         2       0       0       0       0       0       0       0       0
Total ram usage:        2 bytes
 Hardware stack levels used:    1
 Hardware stack levels required when called:    1
 This function calls:
		_Rstart
		_Start
		_Stop
 This function is called by:
		_main
 This function uses a non-reentrant model


 *************** function _Rstart *****************
 Defined at:
		line 54 in file "./I2C.h"
 Parameters:    Size  Location     Type
		None
 Auto vars:     Size  Location     Type
		None
 Return value:  Size  Location     Type
                  1    wreg      void 
 Registers used:
		None
 Tracked objects:
		On entry : 
		On exit  : 
		Unchanged: 
 Data sizes:     COMRAM   BANK0   BANK1   BANK2   BANK3   BANK4   BANK5   BANK6   BANK7
      Params:         0       0       0       0       0       0       0       0       0
      Locals:         0       0       0       0       0       0       0       0       0
      Temps:          0       0       0       0       0       0       0       0       0
      Totals:         0       0       0       0       0       0       0       0       0
Total ram usage:        0 bytes
 Hardware stack levels used:    1
 This function calls:
		Nothing
 This function is called by:
		_LecturaDato
 This function uses a non-reentrant model


 *************** function _EnvioDato *****************
 Defined at:
		line 59 in file "./I2C.h"
 Parameters:    Size  Location     Type
  Direccion       1    wreg     unsigned char 
  Registro        1    0[COMRAM] unsigned char 
  Dato            1    1[COMRAM] unsigned char 
 Auto vars:     Size  Location     Type
  Direccion       1    2[COMRAM] unsigned char 
 Return value:  Size  Location     Type
                  1    wreg      void 
 Registers used:
		wreg, status,2, status,0, cstack
 Tracked objects:
		On entry : 
		On exit  : 
		Unchanged: 
 Data sizes:     COMRAM   BANK0   BANK1   BANK2   BANK3   BANK4   BANK5   BANK6   BANK7
      Params:         2       0       0       0       0       0       0       0       0
      Locals:         1       0       0       0       0       0       0       0       0
      Temps:          0       0       0       0       0       0       0       0       0
      Totals:         3       0       0       0       0       0       0       0       0
Total ram usage:        3 bytes
 Hardware stack levels used:    1
 Hardware stack levels required when called:    1
 This function calls:
		_Start
		_Stop
 This function is called by:
		_main
 This function uses a non-reentrant model


 *************** function _Stop *****************
 Defined at:
		line 50 in file "./I2C.h"
 Parameters:    Size  Location     Type
		None
 Auto vars:     Size  Location     Type
		None
 Return value:  Size  Location     Type
                  1    wreg      void 
 Registers used:
		None
 Tracked objects:
		On entry : 
		On exit  : 
		Unchanged: 
 Data sizes:     COMRAM   BANK0   BANK1   BANK2   BANK3   BANK4   BANK5   BANK6   BANK7
      Params:         0       0       0       0       0       0       0       0       0
      Locals:         0       0       0       0       0       0       0       0       0
      Temps:          0       0       0       0       0       0       0       0       0
      Totals:         0       0       0       0       0       0       0       0       0
Total ram usage:        0 bytes
 Hardware stack levels used:    1
 This function calls:
		Nothing
 This function is called by:
		_EnvioDato
		_LecturaDato
		_LecturaDatoA
		_EnvioDatoA
 This function uses a non-reentrant model


 *************** function _Start *****************
 Defined at:
		line 46 in file "./I2C.h"
 Parameters:    Size  Location     Type
		None
 Auto vars:     Size  Location     Type
		None
 Return value:  Size  Location     Type
                  1    wreg      void 
 Registers used:
		None
 Tracked objects:
		On entry : 
		On exit  : 
		Unchanged: 
 Data sizes:     COMRAM   BANK0   BANK1   BANK2   BANK3   BANK4   BANK5   BANK6   BANK7
      Params:         0       0       0       0       0       0       0       0       0
      Locals:         0       0       0       0       0       0       0       0       0
      Temps:          0       0       0       0       0       0       0       0       0
      Totals:         0       0       0       0       0       0       0       0       0
Total ram usage:        0 bytes
 Hardware stack levels used:    1
 This function calls:
		Nothing
 This function is called by:
		_EnvioDato
		_LecturaDato
		_LecturaDatoA
		_EnvioDatoA
 This function uses a non-reentrant model


 *************** function _Activar_I2C *****************
 Defined at:
		line 35 in file "./I2C.h"
 Parameters:    Size  Location     Type
		None
 Auto vars:     Size  Location     Type
		None
 Return value:  Size  Location     Type
                  1    wreg      void 
 Registers used:
		wreg, status,2
 Tracked objects:
		On entry : 
		On exit  : 
		Unchanged: 
 Data sizes:     COMRAM   BANK0   BANK1   BANK2   BANK3   BANK4   BANK5   BANK6   BANK7
      Params:         0       0       0       0       0       0       0       0       0
      Locals:         0       0       0       0       0       0       0       0       0
      Temps:          0       0       0       0       0       0       0       0       0
      Totals:         0       0       0       0       0       0       0       0       0
Total ram usage:        0 bytes
 Hardware stack levels used:    1
 This function calls:
		Nothing
 This function is called by:
		_main
 This function uses a non-reentrant model



MODULE INFORMATION

Module		Function		Class		Link	Load	Size
shared
		__initialization		CODE           	7E26	0000	3

shared estimated size: 3

Main18f_to_DS.c
		_main          		CODE           	7F42	0000	191

Main18f_to_DS.c estimated size: 191

./I2C.h
		_Activar_I2C   		CODE           	7E64	0000	27
		_Rstart        		CODE           	7E52	0000	19
		_Start         		CODE           	7E2E	0000	19
		_LecturaDato   		CODE           	7ECA	0000	121
		_EnvioDato     		CODE           	7E7E	0000	77
		_Stop          		CODE           	7E40	0000	19

./I2C.h estimated size: 282

